   Compiling proc-macro2 v1.0.106
   Compiling quote v1.0.44
   Compiling unicode-ident v1.0.23
   Compiling wasm-bindgen-shared v0.2.108
   Compiling serde_core v1.0.228
   Compiling memchr v2.8.0
   Compiling cfg-if v1.0.4
   Compiling rustversion v1.0.22
   Compiling stable_deref_trait v1.2.1
   Compiling bumpalo v3.19.1
   Compiling once_cell v1.21.3
   Compiling thiserror v2.0.18
   Compiling pin-project-lite v0.2.16
   Compiling serde v1.0.228
   Compiling futures-core v0.3.32
   Compiling version_check v0.9.5
   Compiling futures-sink v0.3.32
   Compiling futures-channel v0.3.32
   Compiling futures-io v0.3.32
   Compiling smallvec v1.15.1
   Compiling slab v0.4.12
   Compiling futures-task v0.3.32
   Compiling parking_lot_core v0.9.12
   Compiling crossbeam-utils v0.8.21
   Compiling unicode-segmentation v1.12.0
   Compiling rustc-hash v2.1.1
   Compiling proc-macro2-diagnostics v0.10.1
   Compiling writeable v0.6.2
   Compiling litemap v0.8.1
   Compiling thiserror v1.0.69
   Compiling zmij v1.0.21
   Compiling icu_normalizer_data v2.1.1
   Compiling scopeguard v1.2.0
   Compiling libc v0.2.182
   Compiling syn v2.0.116
   Compiling serde_json v1.0.149
   Compiling proc-macro-error-attr2 v2.0.0
   Compiling itoa v1.0.17
   Compiling icu_properties_data v2.1.2
   Compiling unicode-xid v0.2.6
   Compiling const_format_proc_macros v0.2.34
   Compiling wasm-bindgen v0.2.108
   Compiling concurrent-queue v2.5.0
   Compiling event-listener v5.4.1
   Compiling proc-macro-utils v0.10.0
   Compiling lock_api v0.4.14
   Compiling slotmap v1.1.1
   Compiling throw_error v0.2.0
   Compiling anyhow v1.0.101
   Compiling camino v1.2.2
   Compiling paste v1.0.15
   Compiling event-listener-strategy v0.5.4
   Compiling convert_case v0.7.1
   Compiling send_wrapper v0.6.0
   Compiling or_poisoned v0.1.0
   Compiling async-lock v3.4.2
   Compiling const_format v0.2.35
   Compiling convert_case v0.6.0
   Compiling synstructure v0.13.2
   Compiling wasm-bindgen-macro-support v0.2.108
   Compiling proc-macro-error2 v2.0.1
   Compiling either v1.15.0
   Compiling guardian v1.3.0
   Compiling hashbrown v0.16.1
   Compiling equivalent v1.0.2
   Compiling percent-encoding v2.3.2
   Compiling xxhash-rust v0.8.15
   Compiling server_fn_macro v0.7.8
   Compiling itertools v0.14.0
   Compiling manyhow-macros v0.11.4
   Compiling parking_lot v0.12.5
   Compiling indexmap v2.13.0
   Compiling autocfg v1.5.0
   Compiling yansi v1.0.1
   Compiling bytes v1.11.1
   Compiling getrandom v0.4.1
   Compiling winnow v0.7.14
   Compiling libm v0.2.16
   Compiling utf8-width v0.1.8
   Compiling utf8_iter v1.0.4
   Compiling html-escape v0.2.13
   Compiling num-traits v0.2.19
   Compiling http v1.4.0
   Compiling manyhow v0.11.4
   Compiling zerofrom-derive v0.1.6
   Compiling yoke-derive v0.8.1
   Compiling zerovec-derive v0.11.2
   Compiling serde_derive v1.0.228
   Compiling displaydoc v0.2.5
   Compiling thiserror-impl v2.0.18
   Compiling wasm-bindgen-macro v0.2.108
   Compiling futures-macro v0.3.32
   Compiling thiserror-impl v1.0.69
   Compiling derive-where v1.6.0
   Compiling syn_derive v0.2.0
   Compiling async-trait v0.1.89
   Compiling pin-project-internal v1.1.10
   Compiling zerofrom v0.1.6
   Compiling futures-util v0.3.32
   Compiling quote-use-macros v0.8.4
   Compiling yoke v0.8.1
   Compiling js-sys v0.3.85
   Compiling reactive_stores_macro v0.1.8
   Compiling quote-use v0.8.4
   Compiling zerovec v0.11.5
   Compiling zerotrie v0.2.3
   Compiling pin-project v1.1.10
   Compiling toml_parser v1.0.8+spec-1.1.0
   Compiling either_of v0.1.6
   Compiling form_urlencoded v1.2.2
   Compiling serde_spanned v1.0.4
   Compiling futures-executor v0.3.32
   Compiling futures v0.3.32
   Compiling toml_datetime v0.7.5+spec-1.1.0
   Compiling tinystr v0.8.2
   Compiling icu_locale_core v2.1.1
   Compiling potential_utf v0.1.4
   Compiling icu_collections v2.1.1
   Compiling unic-langid-impl v0.9.6
   Compiling type-map v0.5.1
   Compiling aho-corasick v1.1.4
   Compiling unic-langid v0.9.6
   Compiling hydration_context v0.2.1
   Compiling oco_ref v0.2.1
   Compiling same-file v1.0.6
   Compiling icu_provider v2.1.1
   Compiling const_str_slice_concat v0.1.0
   Compiling interpolator v0.5.0
   Compiling regex-syntax v0.8.9
   Compiling icu_properties v2.1.2
   Compiling icu_normalizer v2.1.1
   Compiling drain_filter_polyfill v0.1.3
   Compiling linear-map v1.2.0
   Compiling hashbrown v0.14.5
   Compiling self_cell v1.2.2
   Compiling collection_literals v1.0.3
   Compiling wasm-bindgen-futures v0.4.58
   Compiling web-sys v0.3.85
   Compiling any_spawner v0.2.0
   Compiling next_tuple v0.1.0
   Compiling dyn-clone v1.0.20
   Compiling prettyplease v0.2.37
   Compiling idna_adapter v1.2.1
   Compiling dashmap v6.1.0
   Compiling idna v1.1.0
   Compiling url v2.5.8
   Compiling regex-automata v0.4.14
   Compiling attribute-derive-macro v0.10.5
   Compiling walkdir v2.5.0
   Compiling fluent-langneg v0.13.1
   Compiling intl-memoizer v0.5.3
   Compiling intl_pluralrules v7.0.2
   Compiling serde_qs v0.13.0
   Compiling toml v0.9.12+spec-1.1.0
   Compiling rstml v0.12.1
   Compiling typed-builder-macro v0.20.1
   Compiling server_fn_macro_default v0.7.8
   Compiling pathdiff v0.2.3
   Compiling config v0.15.19
   Compiling leptos_hot_reload v0.7.8
   Compiling typed-builder v0.20.1
   Compiling uuid v1.21.0
   Compiling regex v1.12.3
   Compiling attribute-derive v0.10.5
   Compiling self_cell v0.10.3
   Compiling codee v0.3.5
   Compiling fluent-syntax v0.11.1
   Compiling unicode-width v0.2.2
   Compiling rustc-hash v1.1.0
   Compiling base64 v0.22.1
   Compiling pulldown-cmark v0.13.0
   Compiling fluent-bundle v0.15.3
   Compiling getopts v0.2.24
   Compiling leptos_config v0.7.8
   Compiling leptos_macro v0.7.9
   Compiling fluent-syntax v0.12.0
   Compiling pulldown-cmark-escape v0.11.0
   Compiling unicase v2.9.0
   Compiling bitflags v2.11.0
   Compiling fluent-bundle v0.16.0
   Compiling fluent v0.16.1
   Compiling chrono v0.4.43
   Compiling serde-wasm-bindgen v0.6.5
   Compiling gloo-timers v0.3.0
   Compiling console_error_panic_hook v0.1.7
   Compiling wasm-bindgen-test-macro v0.3.58
   Compiling oorandom v11.1.5
   Compiling nu-ansi-term v0.50.3
   Compiling cast v0.3.0
   Compiling wasm-bindgen-test-shared v0.2.108
   Compiling wasm-bindgen-test v0.3.58
   Compiling reactive_graph v0.1.8
   Compiling gloo-utils v0.2.0
   Compiling gloo-net v0.6.0
   Compiling reactive_stores v0.1.8
   Compiling tachys v0.1.9
   Compiling wasm-streams v0.4.2
   Compiling server_fn v0.7.8
   Compiling leptos_server v0.7.8
   Compiling leptos_dom v0.7.8
   Compiling leptos v0.7.8
   Compiling at-leptos-ui v0.1.0 (/Users/studio/tundra/.auto-claude/worktrees/tasks/015-standardize-css-design-tokens-usage-across-the-sty/app/leptos-ui)
    Finished `test` profile [unoptimized + debuginfo] target(s) in 2m 14s
     Running unittests src/lib.rs (target/wasm32-unknown-unknown/debug/deps/at_leptos_ui-9d5a60a691e96c7b.wasm)
/Users/studio/tundra/.auto-claude/worktrees/tasks/015-standardize-css-design-tokens-usage-across-the-sty/app/leptos-ui/target/wasm32-unknown-unknown/debug/deps/at_leptos_ui-9d5a60a691e96c7b.wasm: /Users/studio/tundra/.auto-claude/worktrees/tasks/015-standardize-css-design-tokens-usage-across-the-sty/app/leptos-ui/target/wasm32-unknown-unknown/debug/deps/at_leptos_ui-9d5a60a691e96c7b.wasm: cannot execute binary file
error: test failed, to rerun pass `--lib`

Caused by:
  process didn't exit successfully: `/Users/studio/tundra/.auto-claude/worktrees/tasks/015-standardize-css-design-tokens-usage-across-the-sty/app/leptos-ui/target/wasm32-unknown-unknown/debug/deps/at_leptos_ui-9d5a60a691e96c7b.wasm` (exit status: 126)
note: test exited abnormally; to see the full output pass --no-capture to the harness.
